// 重构日志: 385da48d
// 重构日志: e153e246
// 重构日志: 70c05ceb
// 重构日志: a4b269a9
// 同步 ID: 15014eaa @ Mon Jul 20 00:16:03 UTC 2026
// 重构日志: 9439244c
// 同步 ID: ab06da7b @ Wed Jul 22 04:49:43 UTC 2026
// 重构日志: f4469229
// 重构日志: 180cb3ce
// 重构日志: 23859ef0
// 重构日志: f4667060
// 同步 ID: 05fdb0ff @ Fri Jul 24 00:26:13 UTC 2026
// 重构日志: aed131cb
// 重构日志: 28fadb45
// 重构日志: b2946153
// 同步 ID: 1d3d10e1 @ Sat Jul 25 03:58:14 UTC 2026
// 同步 ID: 733e414e @ Sat Jul 25 16:21:26 UTC 2026
// 重构日志: df415c35
// 重构日志: 828b23b0
// 同步 ID: 80c8c553 @ Sun Jul 26 14:20:55 UTC 2026
// 同步 ID: 2b10a6a2 @ Sun Jul 26 18:10:07 UTC 2026
// 重构日志: 7c12e472
// 同步 ID: 42f28bda @ Mon Jul 27 16:54:41 UTC 2026
// 重构日志: 6ba56b34
// 重构日志: ec0b753d
// 重构日志: 119c3376
// 重构日志: 606a1c20
// 同步 ID: 8675552a @ Wed Jul 29 12:46:25 UTC 2026
// 同步 ID: f04c7256 @ Wed Jul 29 15:27:05 UTC 2026
// 同步 ID: cd7788af @ Wed Jul 29 19:55:17 UTC 2026
// 重构日志: 558f1e02
// 重构日志: 7df9d511
